sz300431 0.997085048011
sz300511 1.00818751003
sh600713 1.02317880795
sz000902 0.962068965517
sz000903 1.0412371134
sz000900 1.01988636364
sz000901 0.954353562005
sz000906 1.02992518703
sz000983 1.01872246696
sz000905 0.989382239382
sh601628 0.986628462273
sz000908 0.978810105949
sz000909 0.94043715847
sh600335 1.01711491443
sh600990 0.9638508849
sh600337 1.0
sh600336 1.01991465149
sh600331 1.03327495622
sh600330 1.0
sh600333 0.985322896282
sh600332 0.956426217503
sh600999 0.977380952381
sh600998 0.981012658228
sz002234 1.02533936652
sh600339 1.0
sh600338 1.06486880466
sz002230 0.988275862069
sz002231 0.992836676218
sz000698 0.97113997114
sh600048 1.00667408231
sh600519 0.979786045026
sh600518 0.969350961538
sh600515 0.98799699925
sh600517 0.992383025027
sh600516 1.04360753221
sh600511 1.0
sh600510 0.995232419547
sh600513 0.990099009901
sh600512 1.01372997712
sz002507 1.04212168487
sh600199 0.956561922366
sh600198 0.991521197007
sh600191 0.970414201183
sh600190 1.00491400491
sh600193 0.965313028765
sh600192 0.990506329114
sh600195 0.99402023919
sh600197 0.901822457378
sh600196 0.970384081444
sh600429 0.976717112922
sh600428 1.00176056338
sh601111 1.02300242131
sh601116 0.996515679443
sh601117 0.980565371025
sh600421 0.942405063291
sh600420 0.990657323991
sh600423 0.983458646617
sh600422 0.965940054496
sh600425 1.01452784504
sh600426 1.00625651721
sz300462 1.01265822785
sh600601 0.992990654206
sh600600 0.970159151194
sh600603 1.0064516129
sh600602 1.05102040816
sh600605 1.00103466115
sh600604 0.977912516241
sh600606 0.98152173913
sh600609 0.987041036717
sh600608 1.02145045965
sz000987 0.974504249292
sz000878 1.00948766603
sz000876 0.988095238095
sz000877 1.01916932907
sz000875 1.01182432432
sh601800 0.98064516129
sz000059 0.995604395604
sz002178 0.991304347826
sz000055 0.967901234568
sz000056 1.03349673203
sh601808 0.995057660626
sz300132 0.988535031847
sz300133 1.00699300699
sz300130 1.00874524715
sz300131 0.955895589559
sz300136 0.933976637887
sz300137 0.978127136022
sz300134 0.970097357441
sz300135 0.934489402697
sz300138 0.987029030266
sz300139 1.01363636364
sz001896 0.985507246377
sz000985 0.999568221071
sz000801 1.00615655233
sz000800 0.964049195837
sz000807 1.0
sz000806 0.969964664311
sz002481 0.975420439845
sz002480 1.04246713852
sz300006 0.969696969697
sz300007 0.999574468085
sz300004 0.967441860465
sz300005 0.990797546012
sz300002 1.01756198347
sz300003 1.01622498648
sz300001 0.984600577478
sz000301 1.00464037123
sz300008 1.01076426265
sz300009 0.988755331524
sz002732 1.00413689357
sz002489 0.993234100135
sh600993 0.931363636364
sz002488 0.972143263218
sh600992 1.00570032573
sh600995 1.00099403579
sz002643 1.04533333333
sh600997 0.982425307557
sz002642 0.987977672821
sz300428 1.0232446681
sz002239 0.973141786384
sz002641 1.00123762376
sz002236 1.05376344086
sz300318 0.998130841121
sz002640 0.976759199484
sh603128 0.975099601594
sz300312 0.984147952444
sz300311 0.989705882353
sz300316 1.03220338983
sz300317 1.05648535565
sz300314 0.975961538462
sz002646 0.965786901271
sz002645 1.00921658986
sz002232 0.977729885057
sz002644 0.998226950355
sz002233 1.00251256281
sz300146 1.00377643505
sz000753 1.00894854586
sh600697 0.98352180937
sh600694 0.984829644367
sz002755 0.984031413613
sz002437 0.981751824818
sz002757 1.01204516939
sh600695 1.00598802395
sz002751 0.971612903226
sz002750 0.96379525593
sz002753 1.01630434783
sh603508 0.988369517058
sh600692 1.02179656539
sz002759 0.990813201769
sz002758 0.976592478895
sh600161 1.05797101449
sz300148 0.969839142091
sh600690 0.969835466179
sz300268 1.05135951662
sz300269 0.984835355286
sz300266 0.995804540967
sz300267 1.01072194425
sz300264 1.03450980392
sh600691 0.996815286624
sz300262 1.00060569352
sz300263 0.998780487805
sz300260 1.02992179531
sz300261 0.996485061511
sz000692 1.00180505415
sz000690 1.00276243094
sz300424 1.0173301304
sz000691 0.985155195682
sz000697 0.999520613615
sh601069 1.00213447172
sz300425 1.00034025179
sz002358 0.963969285292
sz002353 0.973730297723
sz002352 0.97119924457
sz002354 0.976187160563
sz002357 1.024
sz002356 1.03768736617
sz002687 0.989198919892
sz002686 1.11132075472
sz002684 0.993158084264
sz002683 0.943023255814
sz002682 1.02721088435
sz002681 0.988925081433
sz002680 1.01490154337
sz300426 1.01753417092
sz002689 0.99730458221
sz002688 0.970848056537
sh600850 0.987444608567
sh600851 1.04120676968
sh600853 0.996175908222
sh600854 0.996026490066
sh600855 0.967752234994
sh600856 0.975252525253
sh600857 1.02507374631
sh600858 1.01085645356
sh600859 1.02602905569
sz002537 1.0032
sz002536 0.98812849162
sz002531 1.00803858521
sz002532 1.01272084806
sh603726 0.981985588471
sz300420 1.00329625052
sh603729 0.993001999429
sh600298 1.00870069606
sh600299 1.00275862069
sh600292 0.988915281077
sh600293 1.00519480519
sh600290 0.978079331942
sh600291 0.999477806789
sh600297 1.00107411386
sh600295 1.20491803279
sz300421 1.01083147499
sz000915 1.02008928571
sz000917 0.961142857143
sz000911 0.984628897672
sz000910 1.03196622437
sz000913 1.00816326531
sz000912 0.950479233227
sz000761 0.977777777778
sz000918 1.07205882353
sz002221 0.997545008183
sz002220 0.990421455939
sz002223 1.04537313433
sz002222 1.00279798545
sz002225 0.996840442338
sz002224 0.988053758089
sz002227 0.992105263158
sz002226 0.985260770975
sz002229 0.994212484498
sz002228 1.00572519084
sz000688 1.03504672897
sh600078 0.99512195122
sh600079 0.984335522991
sh600076 0.987796123475
sh600077 1.00411522634
sh600074 0.977734119188
sh600075 1.03526645768
sh600072 0.971213159698
sh600073 1.01733648542
sh600070 0.935415188077
sh600071 1.0
sz300450 0.975
sz300453 1.00648035642
sz000752 1.00909090909
sh601113 1.01077375122
sz300455 0.918565400844
sh601107 0.989361702128
sh601106 1.00950570342
sh600458 1.02812687014
sh600459 1.01379053299
sh600455 1.0
sh600456 1.01126609442
sz300456 1.03437848162
sh600452 1.05171870073
sz000998 1.00422832981
sz002162 0.98275862069
sz002163 0.997138769671
sz000628 1.03107113655
sh600674 0.997811816193
sh600675 1.0
sh600676 1.09548793284
sh600677 0.975635044064
sh600671 0.996584699454
sh600673 1.00801282051
sh600678 1.02362869198
sh600679 0.996786632391
sz000996 1.0824120603
sz000869 0.971545695684
sz000868 0.979797979798
sz002169 0.910804597701
sz000861 0.993723849372
sz000860 0.961055819991
sz000863 1.01453790239
sz000862 0.970666666667
sz000993 1.00673400673
sz000048 0.987244141204
sz000046 1.00201409869
sz000045 1.06394884093
sz000980 0.996884735202
sz000042 1.03801169591
sh601818 0.994791666667
sz300124 0.983844011142
sz300127 1.02792748653
sz300121 1.05954088953
sz000625 0.99694002448
sz300122 1.03823529412
sz300129 0.987068965517
sz300128 1.01591511936
sz000731 0.995815899582
sh600708 1.04231625835
sh600701 0.991959064327
sh600702 0.965517241379
sh600703 0.987765089723
sh600704 1.01960784314
sh600705 1.02749140893
sh600706 0.988339811216
sh600707 0.959412780656
sz002577 0.886530612245
sh601369 1.00155520995
sz002363 0.998367346939
sh601258 1.0
sh601368 0.995219123506
sz000768 1.0
sz300019 0.999285714286
sz300011 0.975702715579
sz300010 0.997883597884
sz300013 0.98419721871
sz300012 1.01679929266
sz300015 1.00385250413
sz300014 1.00568916473
sz300017 0.9787605861
sz300016 0.986438975389
sz300452 0.987308533917
sz002179 1.00566304861
sz002578 1.02670940171
sz000981 0.983096085409
sz300309 0.966216216216
sz300305 1.01045016077
sz300304 0.996961640714
sz300307 0.9769291965
sz300306 1.01426533524
sz300301 0.977108433735
sz300303 0.996354799514
sz300302 1.03274647887
sh600567 1.0035335689
sz002440 0.967558338076
sz000750 0.985443959243
sz002696 1.01901140684
sz300271 1.00168067227
sz002443 0.978476821192
sz300273 1.06853932584
sz300272 0.971784776903
sz300275 1.00925421884
sz300274 0.997803163445
sz300277 0.963990997749
sz300276 0.996651785714
sz300279 0.989788475565
sz300278 0.9859375
sz002697 0.991134751773
sz002442 0.992679355783
sz002690 1.00425733207
sz002324 1.00344352617
sz002325 0.965092402464
sz002326 1.00055401662
sz002327 0.978354978355
sz002322 1.0012345679
sz002323 0.994602929838
sz000058 0.976618705036
sz002444 1.00527549824
sh601801 1.04405652535
sz000751 1.01086956522
sh603398 0.997223079297
sh603399 0.969723183391
sz002756 1.00134529148
sz002238 1.02264927934
sh600843 1.10714285714
sh600841 0.95830437804
sh600847 0.996546431312
sh600846 1.00100200401
sh600845 1.00963302752
sh600844 1.01166180758
sz300468 0.993195020747
sz000050 0.971502590674
sh600848 1.06959884002
sz002030 0.993523809524
sz002031 0.974160206718
sh603088 1.00771388499
sz002033 0.999221183801
sz002034 0.986654534425
sz002035 0.949652067131
sz002036 1.04168811117
sz002037 0.980077120823
sz002038 0.990306441526
sz002039 1.01208459215
sz002785 0.997279440342
sz002782 0.970870337478
sz002783 1.01499167129
sz002780 1.02101134613
sh603085 0.956854043393
sh600289 0.983870967742
sh600288 0.992665036675
sz300403 0.999099099099
sh600285 0.964633068081
sh600284 1.01459854015
sh600287 1.07100591716
sh600281 0.97244732577
sh600280 1.00311041991
sh600283 0.967304625199
sh600282 1.00829875519
sz000756 0.99373881932
sz002504 1.0010384216
sz002505 0.985754985755
sz002506 0.99375975039
sz002254 0.995698924731
sh603883 1.00543368887
sz002256 1.03333333333
sz002250 1.04571843251
sz002237 1.05468164794
sz002252 1.0079533404
sh603669 1.0
sz002500 0.987297106563
sh603889 0.989544436146
sz002501 1.00850661626
sh600061 1.00120481928
sh600060 0.98261357263
sh600063 1.0
sh600062 0.966666666667
sh600064 1.00785498489
sh600067 1.00730994152
sh600066 1.00174140183
sh600069 1.00722543353
sh600068 1.02446043165
sz002503 0.96991290578
sh603868 1.00821435556
sh603869 0.973778735632
sh603861 1.0340063762
sh603866 1.0045
sz300457 0.980395160055
sz002460 0.978054567023
sz002466 0.995895330939
sh600449 1.03987408185
sh600448 1.01524390244
sh600446 0.999344477221
sh600444 1.02335687127
sz000416 1.00845410628
sz000417 0.987421383648
sz000410 0.985545335085
sz000411 1.03098450775
sz000413 1.07813798836
sh601718 1.08178438662
sz000418 0.949212384574
sz000419 0.921978021978
sh600667 1.00476190476
sh600666 0.975768321513
sh600665 1.02087682672
sh600664 0.978520286396
sh600663 0.993744414656
sh600662 1.12542955326
sh600661 0.976942178077
sh600660 1.00669506999
sz000788 0.979057591623
sz000789 1.01435406699
sh600668 1.00130208333
sz000890 0.987295825771
sz000892 0.982676224612
sz000893 1.03537532355
sh601398 1.00697674419
sz000895 0.978411405295
sz000897 1.12276214834
sz000898 1.00731707317
sz000899 0.978982300885
sh601390 0.995614035088
sz000070 1.02521008403
sh601008 0.995859213251
sh601009 0.977734753146
sh601005 1.0
sz000078 1.01474926254
sh601007 0.981440237565
sh601000 0.975786924939
sh601001 1.0102739726
sh601002 1.00123304562
sh601003 1.02259887006
sz000528 1.0137195122
sz000529 1.05268817204
sz000520 0.986650485437
sz000521 1.02583586626
sz000523 1.04362416107
sz000525 1.02357142857
sz000526 0.977540106952
sz000099 1.00385505012
sh600719 1.0069735007
sh600718 0.985722444318
sz000090 1.09897610922
sh600712 0.986855409505
sh600711 1.03058510638
sh600717 1.00290979631
sh600716 1.0068212824
sz000096 1.02613827993
sh600714 1.02608695652
sz300068 0.991622574956
sz300064 0.996406109614
sz300065 0.992076502732
sz300066 1.01568627451
sz300067 0.966633954858
sz300061 1.00371747212
sz300062 0.965274906986
sz300063 1.00342205323
sz002514 0.980961923848
sz000925 0.983789826719
sz000926 0.998326359833
sz000927 0.963636363636
sz000920 0.979343863913
sz000921 1.00456621005
sh603520 1.0
sh603528 0.993575252826
sz300204 0.970540974826
sz300205 0.997237569061
sz300206 0.984877126654
sz300207 1.0103626943
sz300200 1.0234375
sz300201 1.02519975415
sz300202 0.974264705882
sz300203 1.01042502005
sz300208 1.00671641791
sz300209 0.988465974625
sz002706 1.01489117984
sz002707 0.992964824121
sz002210 1.0
sz002705 0.96149068323
sz002211 1.01104100946
sz002702 0.998426848453
sh603555 1.00791666667
sz002337 1.004048583
sz002214 0.957342083675
sz002335 0.992161254199
sz002334 0.99156626506
sz002333 0.979899497487
sz002332 0.964705882353
sz300510 1.08297965754
sz002216 0.965707964602
sz002336 0.986434108527
sz002217 0.990566037736
sz300512 1.10276110444
sz300400 0.958011049724
sz300513 0.984312966011
sz300515 0.917452541335
sz002331 1.00453857791
sz002330 1.01251303441
sh600876 1.03458997279
sh600877 1.0
sh600874 1.0102960103
sh600875 0.997973657548
sh600872 1.07911392405
sh600873 1.01577287066
sh600870 1.00667302193
sh600871 1.01038961039
sz300479 0.999398134216
sz300478 1.02774451098
sh603701 0.991609458429
sh603703 1.0
sh600879 0.961352657005
sz002023 0.978710462287
sz002022 0.9835
sz002021 1.01137800253
sz000616 0.988785046729
sh603099 1.00795906765
sz002026 0.979789103691
sz002025 0.993957703927
sz002024 0.996212121212
sz002799 0.941086457536
sz002798 1.04462535806
sz002029 0.98998998999
sz002028 1.01584342964
sh600270 1.01567567568
sh600271 1.01159295835
sh600272 1.06243496358
sh600273 1.02790697674
sh600275 0.972355769231
sh600276 1.00320512821
sh600277 0.988274706868
sh600278 1.07031700288
sh600279 1.00824175824
sz002459 0.998745294856
sz002247 1.05405405405
sz002245 1.04147465438
sz002244 1.00907715582
sz002243 0.994586233565
sz002242 0.974417542257
sz002241 1.00744805958
sz002240 0.983704974271
sh603678 1.02994983771
sh603899 0.964587737844
sh603898 1.00958556527
sz002249 1.01090188305
sz002248 0.966064981949
sz000663 0.9943273906
sh600015 0.997983870968
sh600016 0.998908296943
sh600017 0.98786407767
sh600010 1.00354609929
sh600011 0.980821917808
sh600012 0.991228070175
sz000669 0.992615384615
sz000668 0.971554683668
sh600018 1.02059925094
sh600019 1.0
sz002801 0.918307322929
sh600385 1.0
sh600386 1.0099937539
sh600387 1.00166527893
sh600380 0.978902953586
sh600381 0.963619402985
sh600382 1.06614552014
sh600383 1.00412796698
sh600388 0.988782051282
sh600389 0.945502298096
sz002339 1.0194601381
sh600470 0.994405594406
sh600476 1.0077247191
sh600477 0.98293029872
sh600475 1.0
sh600478 1.00560747664
sh600479 0.99263803681
sh601700 1.00704225352
sz000403 1.00661594443
sz000402 1.01826923077
sz000401 1.03910068426
sz000400 0.942283563363
sh600652 0.999279019466
sh600653 1.0
sh600650 0.989076814658
sh600651 1.00732899023
sh600657 1.02
sh600655 1.01647446458
sh600498 1.00355590676
sh600499 1.01690507152
sz000795 1.00487804878
sz000793 0.984504132231
sz000792 0.96996996997
sz000791 1.033203125
sz000790 0.990622335891
sh600490 0.997549019608
sh600491 1.05075593952
sh600493 0.990038314176
sz002786 0.976494845361
sh600495 0.991525423729
sh600496 1.0
sh600497 1.03812316716
sz000883 1.00639658849
sz000882 1.00763358779
sz000881 0.898654331371
sz000880 1.01933488012
sz000887 0.960346964064
sz000886 0.994845360825
sh601388 0.948660714286
sz000889 1.00999091735
sz000888 0.987903225806
sz000065 1.04657351963
sz000061 1.01409618574
sz000060 1.01986754967
sz000063 0.983516483516
sz000062 0.991043613707
sh601016 0.984342379958
sh601015 1.01739130435
sz000069 1.02363367799
sh601012 1.0272479564
sh601011 1.00497512438
sh601010 1.0
sz000539 1.01165048544
sz000533 1.00095238095
sz000532 1.00927070457
sz000531 0.984238178634
sz000530 1.01062801932
sz000537 1.03722084367
sz000536 1.0058910162
sh601636 1.025
sz000089 1.00872410033
sz000088 1.02753623188
sh601633 0.977210574294
sh600728 0.967141292442
sh600729 0.989781536293
sh600726 1.07518796992
sh600727 1.0369928401
sh600724 0.990892531876
sh600725 1.01301115242
sh600722 0.993055555556
sh600723 0.995633187773
sh600720 1.03698435277
sh600721 1.05528717123
sz000727 0.975975975976
sz300473 0.990395213352
sz300079 0.9902200489
sz300078 1.00672566372
sz300077 0.989830508475
sz300076 0.999327956989
sz300075 0.956345634563
sz300074 0.988304093567
sz300073 1.0194558684
sz300072 0.963816749343
sz300071 0.989443378119
sz300070 1.02346368715
sz000333 0.993262411348
sz300470 0.989473684211
sz002204 1.0070754717
sz000338 1.05479452055
sz300476 0.972368421053
sz000729 0.993261455526
sz300475 0.988853503185
sz300474 1.01712442091
sh601038 0.992529348986
sz002412 0.983362019507
sz300319 1.04599782687
sz002413 0.949698189135
sz002410 1.00459921156
sz002411 0.999121651296
sz002416 0.983852364475
sz002417 1.00065189048
sz300313 1.00265076209
sz002415 0.986460348162
sz000514 1.00777202073
sz002791 0.981623851491
sz002790 0.990461738565
sz002793 1.01208163265
sz002020 0.978102189781
sz002027 1.00256904303
sz300315 1.01062801932
sz002797 0.970470183486
sz002796 1.05778787449
sz300093 1.04061135371
sz300095 1.00759878419
sz002201 1.05446293495
sz300217 0.986013986014
sz300216 0.984404010397
sz300215 1.01241272304
sz300214 1.00945945946
sz300213 1.00367647059
sz300212 1.0009658725
sz300211 1.03148301574
sz300210 1.02803738318
sz300218 0.972544878564
sz002384 0.985426008969
sz000758 1.01687289089
sz002493 1.01760268231
sz002496 0.982558139535
sz002497 0.997076023392
sz002494 0.997245179063
sz002495 1.00246305419
sz002302 1.04461942257
sz002303 0.959634424981
sz002300 0.978670012547
sz002301 1.06443679292
sz002307 1.04353393086
sz002304 0.98070199972
sz002305 0.957264957265
sz002658 0.984097859327
sz002659 1.02465166131
sz002308 1.0
sz002309 1.01476923077
sz300507 1.04252340537
sz300506 1.26454561434
sz300505 1.03305084746
sh600869 1.03229278794
sh600868 1.00418410042
sh600861 1.01622418879
sh600860 1.00371057514
sh600863 1.0
sh600862 0.977941176471
sh600865 0.995874587459
sh600864 0.981415929204
sh600867 0.996391520072
sh600866 0.987676056338
sz300446 0.995069265086
sz300444 0.993045387994
sz300445 1.01410105758
sz300442 1.00809898763
sz300443 0.960875912409
sz300440 1.0
sh603268 1.01446073509
sz300448 1.02264019505
sz300449 1.00592795258
sz002016 0.975215517241
sz002017 0.962524654832
sz002014 1.01179391682
sz002015 0.974557522124
sz002012 0.9915356711
sz002013 0.975641025641
sh603066 1.00238559965
sz002011 0.969302325581
sh603069 1.33070452156
sz002018 0.983443708609
sz002019 0.964332036316
sh600262 0.982135606983
sh600261 1.0
sh600260 1.00126182965
sh600267 1.0136765889
sh600266 1.0197044335
sh600265 1.019524618
sh600269 0.991489361702
sh600268 0.986504723347
sz002279 0.982211538462
sz002272 1.01388888889
sz002273 0.979193758127
sz002270 0.97666277713
sz002271 0.997126436782
sz002276 0.978757302177
sz000856 0.961414790997
sz002274 0.982291666667
sz002275 0.989861259338
sz002478 1.02152466368
sz002479 0.980465116279
sh603606 1.00597014925
sh603600 1.00407913522
sh603601 1.00316764133
sz002470 0.997674418605
sz000850 1.0
sz002472 0.97440423654
sz002473 1.04936095196
sh603608 1.01413881748
sh603609 1.05383153895
sz002476 0.983870967742
sz000851 1.05188343994
sh600007 0.993116108307
sh600006 1.01153846154
sh600005 1.0
sh600004 0.993372606775
sh600000 0.998089171975
sh600009 1.01147776184
sh600008 0.992327365729
sh600397 1.0
sh600396 0.981583793738
sh600395 1.02850061958
sh600393 1.05286343612
sh600392 1.00437317784
sh600391 0.979848207276
sh600390 0.982442748092
sh600399 1.00147275405
sh600398 0.973018549747
sz002703 0.880117820324
sh603118 0.98279057453
sh600467 1.02457002457
sh600466 1.00384122919
sh600461 1.02589223233
sh600460 0.995633187773
sh600463 1.01152959262
sh600462 1.01673640167
sh603111 0.983920367534
sh600469 1.02219979818
sh600468 0.969199178645
sh603116 0.984958979034
sh603117 1.01759530792
sh600139 1.0
sh600138 1.01030927835
sh600649 1.0
sh600648 1.00298656048
sh600645 0.98305588585
sh600644 1.01243781095
sh600647 1.04126213592
sh600130 1.07309322034
sh600137 0.980743243243
sh600136 0.979313587212
sh600135 0.988206083178
sh600642 1.02521008403
sh600489 1.01833568406
sh600488 1.00664451827
sh600483 0.994778067885
sh600482 1.01318327974
sh600481 0.985790408526
sh600480 1.0
sh600487 1.01831750339
sh600486 0.983278688525
sh600485 0.994674556213
sh601020 1.07142857143
sh601021 1.01693531932
sh600201 0.97327989312
sh601028 1.0043956044
sh600200 0.897435897436
sh601608 0.987037037037
sz300117 0.977815699659
sz002568 1.03610744166
sz000509 0.992366412214
sz000506 1.02597402597
sz000507 1.02276707531
sh601600 1.00519480519
sh601601 0.997013811124
sz000502 1.00102406554
sh601607 0.998040176384
sz000501 1.03641456583
sh600731 0.98121085595
sh600730 1.0
sh600733 1.03185121847
sh600735 0.969532836831
sh600734 1.0
sh600737 1.03394255875
sh600736 0.993610223642
sh600739 1.00772698004
sh600738 0.99156626506
sz002565 0.949558638083
sz002562 0.977859778598
sz002563 1.01657940663
sz000922 1.00339366516
sz000430 0.94435483871
sz002586 1.0
sh601288 1.0
sz300042 0.985928143713
sz300043 0.999233716475
sz300041 1.00782472613
sz300047 0.998971722365
sz000662 0.985048372911
sz002215 0.973731884058
sz300048 0.983967935872
sz300049 1.0350877193
sz000661 0.975540655397
sh601518 0.976982097187
sh601519 0.9234393404
sz000667 1.01587301587
sh601515 1.00175901495
sz000666 0.932584269663
sz000665 0.956575682382
sz001696 0.977495107632
sh600715 1.03858980467
sz300471 0.969618616677
sz300194 0.992059785147
sz300195 0.995067817509
sz300197 1.02468212416
sz300191 0.988395131616
sz300192 1.0152284264
sz002800 0.991384615385
sz300198 1.02845528455
sz002803 1.33112373737
sz000837 0.985849056604
sz002802 1.01078125
sz002582 0.990624084383
sz002805 1.3309015112
sz002806 1.33164983165
sz002701 0.978094194962
sz002583 0.977630488815
sz300229 0.994858611825
sz002168 0.97
sz300222 0.991023339318
sz300220 0.875893769152
sz300221 1.03374709077
sz300226 1.00251450677
sz300224 1.03230616302
sz300225 1.02844950213
sz002485 1.03243243243
sz002484 0.988202637058
sz002487 1.01179245283
sz002486 1.03649635036
sz002483 0.961961115807
sz002482 0.987935656836
sz002315 0.982903276872
sz002314 1.08668341709
sz002317 0.967542503864
sz002311 0.99738048461
sz002310 1.01965811966
sz002313 0.969
sz002312 0.972407231208
sz002649 1.0036101083
sz002648 1.02677651905
sz002318 0.989729225023
sz300406 0.988912579957
sz300407 1.00600600601
sz300404 1.02846401719
sz300459 1.04213091922
sz300458 1.01411764706
sh600818 1.0007140307
sh600819 1.04225352113
sh600814 0.98250728863
sh600815 1.00654664484
sh600816 1.0201863354
sh600817 1.0
sh600810 1.01943005181
sh600811 0.995588235294
sh600812 1.0015600624
sz002009 0.989290495315
sz002008 1.0
sz002001 0.997812773403
sz002003 1.00766550523
sz002002 0.977777777778
sz002005 0.998226950355
sz002004 1.0078387458
sz002007 1.01822442072
sz002006 0.991114701131
sh603077 0.993657505285
sz002545 0.99885583524
sh600256 0.967177242888
sh600257 0.994402985075
sh603299 0.987042253521
sh600255 1.02669902913
sh600252 1.01369863014
sh600250 1.00534351145
sh600251 0.992376111817
sz002722 1.03399433428
sh600258 0.916787614901
sh600259 0.973045822102
sz002723 0.975224263135
sz002359 0.944827586207
sz002056 1.01987662783
sz002269 1.00234192037
sz002268 1.00936692506
sz000701 0.996904024768
sz002265 0.969782150387
sz002264 1.01047729919
sz002267 0.994219653179
sz002261 0.99177877429
sz002260 1.02154471545
sz002263 0.979057591623
sz002262 1.02309711286
sh603616 0.949349760438
sz002468 0.914704878881
sz000948 0.924815498155
sh603611 1.00523903078
sz002350 0.955388471178
sz002463 1.02443609023
sz002462 0.981944802682
sz002461 1.02707275804
sz000949 0.988009592326
sz002467 0.978768577495
sz002058 1.00390117035
sh603618 1.02565747274
sz000010 0.981794538362
sz000011 1.04194756554
sh600791 1.04154727794
sz000638 0.981798124655
sz000404 1.01921024546
sh600797 0.997607655502
sh600796 1.0
sh600795 0.989966555184
sh600053 1.01912327155
sh600794 0.996289424861
sh600120 1.09266943292
sh603108 1.00495426829
sh600121 1.00199203187
sh603101 1.0398683248
sh603100 1.00763888889
sh600122 0.989499192246
sh600123 1.00974930362
sh600108 0.994094488189
sh600109 0.991479473277
sh600106 1.00579710145
sh600107 1.02511300854
sh600104 0.992251399053
sh600105 1.04127579737
sh600103 1.07482993197
sh600100 0.950639853748
sh600101 1.00327064595
sh600654 1.0
sz000408 0.972513089005
sz000797 1.01586206897
sz000796 0.917449332674
sz002792 0.995592180912
sh600038 0.976744186047
sh600039 1.01546391753
sh600033 0.987915407855
sh600030 0.995684340321
sh600031 1.01343570058
sh600036 0.994755244755
sh600037 0.961332540155
sh600035 1.15217391304
sz000513 0.955191038208
sh601618 0.979002624672
sz000517 0.984547461369
sz000516 0.975683890578
sz000519 0.952613240418
sz000518 0.990811638591
sh601616 0.995098039216
sh601611 0.974985456661
sh600744 1.00543478261
sh600745 0.957797427653
sh600746 1.03239289446
sh600747 1.0
sh600740 1.01985559567
sh600741 0.976658476658
sh600742 0.9559566787
sh600743 0.995412844037
sh600748 1.01675977654
sh600749 1.04562737643
sz000429 0.974960876369
sz000428 1.01543209877
sz000425 1.00323624595
sz000426 1.12610837438
sz000421 1.01162790698
sz000420 0.993957703927
sh601727 1.0278833967
sz000422 1.00969305331
sz300055 0.987283236994
sz300054 1.03268551237
sz300057 1.02817919075
sz300056 0.959073774906
sz300051 0.978851963746
sz002351 1.01759259259
sz300053 0.966123778502
sz300059 0.961125319693
sz300058 1.01557935735
sz000885 1.06614276359
sz002475 1.00107758621
sz002795 1.01607418856
sz300187 0.974433893353
sz300185 1.15138121547
sz300183 1.00852878465
sz300182 1.01989619377
sz300181 0.983606557377
sz300189 0.988614800759
sz300188 0.999172527927
sz002477 0.981981981982
sz000708 0.997549019608
sz000632 0.944835680751
sz000709 1.02447552448
sh601018 0.978087649402
sz300238 0.968202010755
sz300235 1.0018399264
sz300237 1.04929577465
sz300236 1.01130475742
sz300231 1.00326264274
sz300230 0.994498381877
sz300233 0.992571192736
sz002538 1.0078387458
sz300464 0.999438202247
sz000707 1.01174743025
sz000700 0.924476797088
sz000068 0.981914893617
sz002535 0.961956521739
sz300494 0.985273492286
sz000702 0.929961089494
sz002534 1.00093283582
sz000703 1.0472972973
sz300497 1.05045614035
sz300499 1.02217504128
sz300496 0.965202108963
sz300491 1.01941176471
sz300490 1.00969645868
sz300493 1.00812101911
sz300234 0.904178978472
sz300492 1.02131438721
sz002676 0.983079526227
sz002434 1.03825136612
sz002674 0.99128413713
sz002672 1.00372736954
sz002673 0.987289872899
sz002670 1.00071047957
sz002435 0.988140161725
sz002436 0.948215839861
sz002678 1.03656716418
sz002679 1.00495718792
sz002125 1.07192460317
sz002430 0.968085106383
sz300232 0.971544715447
sz002431 1.00443262411
sz002432 1.01002949853
sz002433 0.983234714004
sz002588 0.996937212864
sz002589 1.0
sh600809 0.956128448666
sh600808 1.00387596899
sh600807 1.01697312588
sh600806 1.0032
sh600805 1.0
sh600804 1.01799894124
sh600803 0.983215547703
sh600802 1.00755667506
sh600801 1.0394922426
sh600800 1.04151838671
sz002078 0.967959527825
sz002079 1.00673076923
sz002074 1.00407830343
sz002075 1.03818301514
sz002076 0.955479452055
sz002077 1.0301369863
sz002070 1.00893796004
sz002073 1.00661000944
sz300469 0.958079268293
sh603598 0.980832164563
sh603599 1.0
sh603918 1.0
sh603919 0.954384048074
sh600351 0.968224299065
sz002290 0.990756302521
sz002292 0.998603351955
sz002293 1.00446428571
sz002294 0.978367062107
sz002296 0.979472140762
sz002298 0.976220275344
sz002299 1.0471826205
sz002471 1.0
sz002100 0.984234234234
sz002102 1.00431300062
sz002103 0.866471734893
sz002104 1.0
sz002105 1.00416233091
sz002106 0.980961015413
sz002107 0.998081841432
sz002108 1.00669456067
sz002109 0.992295839753
sz002454 0.978835978836
sz002455 0.984832069339
sz002452 0.984631147541
sh600359 1.00209205021
sz002450 0.982182628062
sz002451 1.025
sh601992 1.01488833747
sh601991 0.990099009901
sh601996 0.980519480519
sh603822 0.997361477573
sh601998 0.984974958264
sh601999 1.00708502024
sh603828 1.12021589794
sz300371 1.01002073255
sh600249 1.04987212276
sh600248 1.01331114809
sh600241 1.00745341615
sh600240 1.10884353741
sh600243 0.967065868263
sh600242 0.986713286713
sh600247 1.00533536585
sh603131 0.972875467664
sh600111 0.97341211226
sh600110 1.0
sh601198 0.989208633094
sh601199 1.0082063306
sh600115 1.01147776184
sh600114 1.02714932127
sh600117 0.982283464567
sh600116 0.972010178117
sh600119 1.22539370079
sh600118 0.986482427155
sz000988 1.00431034483
sz000989 0.933969769292
sh600029 0.984669811321
sh600028 0.997912317328
sz000982 0.973434535104
sz000635 1.02196908055
sh600027 1.00772200772
sh600026 1.04426229508
sh600021 1.01826484018
sh600020 0.989035087719
sh600023 1.0
sh600022 1.00414937759
sz000564 1.04888416578
sz000566 1.0
sz000567 1.06984553392
sz000560 1.01301518438
sz000561 0.971954425942
sz000563 1.03442622951
sh601377 0.985732814527
sz000695 1.02427821522
sz000568 0.963681132656
sh600757 0.978135788262
sh600756 0.989160839161
sh600755 1.01223581758
sh600754 1.00947432763
sh600753 1.01506996771
sh600751 1.0615212528
sh600750 0.994691831318
sh600759 0.985257985258
sh600758 1.02232854864
sz000919 0.983321247281
sh601579 0.999258710156
sz000166 0.998381877023
sz002771 1.00094106576
sz002770 0.971356360573
sz300521 1.05532687651
sz002677 0.980483271375
sz300523 1.33087360152
sz002540 1.01426718547
sz300522 0.947648873516
sz002541 1.00686498856
sz300525 1.33095131755
sz002542 0.978863936592
sz002543 0.969444444444
sh603158 1.03818827709
sz002671 0.9967400163
sz002546 0.99324975892
sz002547 0.980334316618
sz000766 0.925744992672
sz000767 1.0
sz000762 0.989145823502
sz000760 0.966977745872
sz300088 0.966592427617
sz300089 0.971718636693
sz300086 1.00265017668
sz300087 0.97153024911
sh601177 0.998962655602
sz300082 1.01315789474
sz300083 0.977684797768
sz300081 1.01442307692
sz000685 0.993275696446
sz000687 0.997372569627
sz000686 0.990082644628
sz000681 0.994138863841
sz300520 1.3311827957
sz000680 1.0081799591
sz002669 0.97012987013
sz002668 1.01454864154
sh603456 0.965004022526
sz000683 0.992395437262
sz002661 0.99452887538
sz002660 0.995818815331
sz000682 1.00189753321
sz002665 0.998871331828
sz002664 1.00330033003
sz002667 0.992280701754
sz002666 1.07655502392
sz300498 0.989095744681
sh600833 1.15431348724
sh600830 1.07699711261
sh600831 1.01935914553
sh600836 0.989412897016
sh600837 0.997378768021
sh600834 1.08569353667
sh600835 1.02766057196
sz002597 0.945407835581
sz002596 0.979709267111
sh600838 1.04107424961
sh600839 1.03125
sz002593 0.998583569405
sz002592 1.02015748031
sz002590 0.974512146555
sz002069 0.994456762749
sz002068 1.02681992337
sz002067 0.966577540107
sz002066 1.03549571603
sz002065 0.997990959317
sz002064 0.984649122807
sz002063 0.985369422092
sz002062 1.00619195046
sz002061 0.988522238164
sz002060 1.18465909091
sh603589 0.990398603433
sh603588 1.05734265734
sh600128 1.02050113895
sh603901 0.994043679682
sz300495 1.01343705799
sh603909 0.993701309465
sz002502 1.02310756972
sh600129 1.05075901328
sz002282 1.01140065147
sz002281 0.976650563607
sz002287 0.996092659782
sz002286 1.04188034188
sh600900 1.00528700906
sz002284 0.967475192944
sh603636 1.01763367463
sz002113 1.1418404908
sz002112 0.949230769231
sz002111 0.98463356974
sz002110 1.04022988506
sz002117 0.967542503864
sz002116 1.00574712644
sz002115 1.01035856574
sz002114 1.05104321908
sz002449 0.991392801252
sz002448 0.96350931677
sz002119 1.01675675676
sz002118 0.950617283951
sz300429 1.06200345423
sh600340 1.01328125
sh600343 0.975112199102
sh600345 1.00048875855
sh600346 1.0078125
sh600348 1.01598837209
sh601985 0.991124260355
sz002584 1.00317208565
sz002585 0.978109452736
sh601989 0.987933634992
sh601988 1.0
sh603838 1.0
sz000612 1.0119047619
sz002587 1.06015037594
sz000613 1.00078864353
sz002580 0.975250441956
sz000610 0.972222222222
sz002581 1.01271340356
sh603123 0.995859213251
sz000611 0.969021065675
sh600238 0.965928449744
sh600239 1.06311637081
sh603126 1.00813743219
sh600234 0.979805013928
sh600235 0.974158183242
sh600236 1.01527777778
sh600237 0.971232876712
sh600230 1.02892960463
sh600231 1.00833333333
sh600232 0.990282685512
sh600233 0.881039197812
sh600696 0.977291841884
sh600165 0.909090909091
sh600166 0.989090909091
sh600167 0.903244166192
sh600160 1.01596806387
sh601188 1.01650943396
sh600162 1.00744416873
sh600163 0.987084870849
sz000759 0.989145183175
sh601186 0.986547085202
sh600168 1.00196850394
sh600169 1.0
sh600698 0.983870967742
sh600699 0.962984218077
sz000968 0.975
sz002176 0.985218033999
sz002173 1.00321888412
sz002172 0.943933054393
sh600582 1.00669642857
sh600583 0.976902173913
sh600580 0.994
sh600581 0.98296836983
sh600586 0.993006993007
sh600587 1.03048780488
sh600584 0.95066518847
sh600585 1.02462121212
sz000627 0.983108108108
sz000626 1.00719298246
sh600588 0.996033494932
sh600589 1.00930713547
sz000623 0.979782270607
sz000622 0.983717774763
sz000620 1.01777777778
sz000576 1.01632047478
sh600768 1.0
sh600769 1.02571428571
sz000573 0.99504950495
sz000572 0.988258317025
sz000571 1.08713136729
sz000570 0.983625730994
sh600763 0.977743431221
sh600760 0.982436882547
sh600761 1.03539823009
sh600766 1.01330532213
sh600767 0.91403626595
sh600764 1.0
sh600765 0.989521938441
sh600568 1.0
sh600569 1.02325581395
sh600560 1.01259111995
sh600561 1.02861952862
sh600562 0.983367983368
sh600563 1.01558634339
sh600565 0.987616099071
sh600566 0.972730534625
sh600778 1.0346695558
sz001979 0.996738421396
sh601969 1.01795332136
sh601968 1.0044198895
sh601966 0.978466386555
sh601965 1.00924974306
sh600771 0.976142473118
sh601567 0.995028409091
sh601566 0.995024875622
sz300487 0.952489982828
sz002200 0.998084291188
sz300386 0.9996243426
sz002737 0.945528068506
sh601088 1.0204638472
sz000799 0.940909090909
sh600125 1.02654867257
sz300091 0.996598639456
sz300090 1.00603136309
sz000798 0.935272045028
sz300092 0.98768115942
sh600126 1.01726844584
sz300094 0.984251968504
sz300097 1.00213629566
sz300096 1.07146845338
sz300099 1.03039215686
sz300098 1.01480959097
sh600127 0.995192307692
sz002338 1.00173812283
sz002618 0.996486090776
sz002619 1.02860775588
sz002614 1.08744394619
sz002615 0.990597345133
sz002616 0.959495949595
sz002612 1.00384615385
sz002613 1.00558659218
sz002736 0.99625
sz300489 0.991644204852
sz000049 0.999191374663
sh600825 0.990566037736
sh600824 1.02799377916
sh600827 1.02959501558
sh600826 1.08872822872
sh600821 1.0
sh600820 1.02373247033
sh600823 1.00725689405
sh600822 1.0
sz300408 0.980072463768
sz300409 1.05464362851
sh600829 0.99387755102
sh600828 1.03150684932
sz002295 0.965994962217
sz002050 1.05380116959
sz002051 0.988944723618
sh603028 0.990968208092
sh603029 0.978353304986
sz002054 0.988866396761
sz002055 0.9843550447
sz002728 1.04642014162
sh603025 0.999695863747
sh603026 0.992534129693
sh603027 1.00532701983
sh603020 0.997058823529
sh603021 0.970793374019
sh603022 0.966782350025
sh603023 0.974586288416
sh603936 0.98230958231
sz002458 1.0498015873
sh603939 0.994833524684
sz300126 1.01132852729
sh600917 0.996957403651
sz300123 0.992902767921
sz002126 1.0
sz002124 0.970796460177
sh603333 0.976807639836
sz002122 0.982677165354
sz002123 0.983305509182
sz002120 1.03337453646
sz002121 0.996131528046
sh603338 0.963865725893
sh603339 1.01686265809
sz002438 0.992610837438
sz002439 1.00648748842
sz002128 1.02512562814
sh600353 1.0401891253
sh600352 0.98426023085
sh603808 0.998998664887
sh600350 0.989565217391
sh600356 0.994480220791
sh600355 0.974427994616
sh600354 0.991037131882
sh603800 1.0672178289
sh600358 1.0
sh603806 1.0019226661
sz002456 1.01051960472
sz002457 0.970534069982
sz300193 0.969283276451
sz300346 1.00510334269
sz002453 0.998784933171
sz002548 1.02772754671
sz002549 0.987368421053
sh600229 0.980574324324
sh600228 1.02300613497
sh600227 1.0
sh600226 0.976825028969
sh600225 1.05374592834
sz002518 0.97509057971
sh600223 1.00970873786
sh600222 1.01254705144
sh600221 1.01183431953
sh600220 0.997663551402
sh600177 0.978919631094
sh600176 0.969271290606
sh600175 1.0
sh600173 1.0
sh600172 1.07522837184
sh600171 1.01461632156
sh600170 1.05023923445
sh601179 0.986666666667
sh600179 1.0289968652
sh600178 1.00917431193
sh601888 0.990664592132
sh601886 0.986704653371
sh601880 0.406722689076
sh600693 1.01444622793
sz002598 0.97273526825
sh600595 1.01957295374
sh600594 0.978286384977
sh600597 1.00207039337
sh600596 1.01742627346
sh600590 1.07039597737
sh600593 1.00254129606
sh600592 1.00798403194
sh600057 1.07162790698
sz000969 0.968658892128
sz000619 1.02549019608
sh600599 0.993655828707
sh600598 0.999065420561
sh600779 0.973621103118
sh601311 0.974750440399
sh601313 1.01195219124
sh600775 1.00648929267
sh600774 1.00622876557
sh600777 1.00608930988
sh600776 0.997613365155
sh601318 0.994130367624
sh600770 0.990916597853
sh600773 1.0
sh600579 0.969808541973
sh600578 0.986813186813
sh600573 0.997713414634
sh600572 0.991176470588
sh600571 1.03083900227
sh600570 0.975796405054
sh600577 1.0
sh600576 1.0
sh600575 0.992907801418
sz002734 0.979948253558
sh600689 0.943295924395
sh600688 1.04201680672
sh601777 0.984776403425
sh601958 1.00641848524
sh600681 0.989628349179
sh600680 0.979062811565
sh600683 1.03670745273
sh600682 0.991567650441
sh600685 1.01656679591
sh600684 1.0
sh600687 1.0
sh600686 0.986627043091
sh601558 1.0073800738
sh601222 1.00685307018
sh601225 0.992957746479
sh601226 0.995490417136
sh601555 0.942225392297
sh601798 1.01810699588
sh601799 0.943100065402
sz300199 0.970977596741
sz000819 0.908640445959
sz000548 1.05562742561
sz000543 1.00257069409
sz000540 1.01547987616
sz000541 0.960698689956
sz000546 0.968984962406
sz000544 1.02379378718
sz000545 1.01424050633
sz300392 0.979516591561
sz300393 0.987068965517
sz300390 1.01240875912
sz300391 0.985639061752
sz300396 1.03651960784
sz300397 0.975374064838
sz300394 0.964507042254
sz300395 0.967525195969
sz300399 0.97994269341
sz300150 0.987403100775
sz000810 0.965681098205
sz300152 0.992167101828
sz300153 1.07882241216
sz300154 0.988405797101
sz300155 1.0
sz300156 0.964927288281
sz000811 0.976377952756
sz300158 1.00112676056
sz300159 0.9617991374
sz000812 1.01663201663
sz000813 1.0618336887
sz002490 0.993975903614
sz000815 1.03006475486
sz002491 1.00061576355
sz000816 0.987804878049
sz300519 1.04678510998
sz300018 1.00177304965
sz002498 1.0133037694
sz300228 0.989485981308
sz002499 0.928603104213
sz002715 1.00070521862
sz002209 1.00680657969
sz002714 0.964775676678
sz002208 0.99388549194
sz002650 0.945040214477
sz002651 0.987603305785
sz002652 0.978878960195
sz002203 0.97997329773
sz002653 1.03268765133
sz002609 1.00114678899
sz002202 0.98264781491
sz002607 1.00605536332
sz002606 0.948618516723
sz002605 1.1173580786
sz002604 0.993843447669
sz002603 0.984039287907
sh600984 1.02887700535
sz002601 1.06699576869
sz002600 0.991765782251
sz300378 1.01065162907
sz300379 0.965277777778
sh600329 0.971428571429
sz300151 0.99126984127
sz300370 0.977342945417
sz300372 0.754901960784
sz002657 1.00159616919
sz300375 0.9651416122
sz300376 1.0059970015
sz002206 1.00178997613
sz300503 1.08512599877
sz002205 0.998735244519
sz300502 1.02379819134
sh600246 1.0487804878
sz300501 1.04302422723
sz300500 0.984796573876
sz300157 0.987152034261
sh600113 1.16308376575
sz300414 0.987175833571
sz300417 0.988940771688
sh600112 0.98
sz300410 1.00343721357
sz300412 1.01599526066
sz300419 0.966111111111
sz300265 0.918287937743
sz002045 0.957894736842
sz002044 0.992395437262
sz002047 0.996996996997
sz002041 1.01802962009
sz002040 0.980617372577
sz002043 0.959561920809
sz002042 0.99711815562
sz002739 0.981639803784
sz002738 0.947727272727
sz002049 0.95938697318
sz002048 0.959510357815
sh603030 1.00036010083
sh600050 1.0
sh600051 1.0
sh600052 0.977443609023
sh600501 0.978759083287
sz300509 1.06195804196
sh600054 0.999386503067
sh600055 0.998277841561
sh600969 1.00480769231
sh600965 0.940408163265
sh600966 1.0
sh600967 1.02203856749
sh600960 0.996688741722
sh600961 1.00899100899
sh600962 0.957983193277
sh600963 1.02973395931
sz002139 1.00142247511
sz002138 1.01140456182
sz002414 1.00406173842
sz300508 1.01015673981
sz002733 0.966140823394
sz002131 0.970707070707
sz002130 0.991327551701
sz002133 1.01510574018
sz002132 0.987421383648
sz002135 0.998675496689
sz002134 1.01809651475
sz002137 0.992496589359
sz002136 1.02941176471
sz002427 0.984453081621
sh603322 1.33105263158
sz002425 1.01519892713
sz002424 1.05304212168
sz002423 1.01378579003
sz002422 1.01612903226
sz002421 0.970571904498
sz002420 1.00952380952
sh603328 0.993308550186
sz002429 1.00128205128
sz002428 0.995397764629
sh600366 1.00490852298
sh600367 1.02838892832
sh600365 0.972511144131
sh600362 1.01311249137
sh603818 1.01371571072
sh600360 1.01081081081
sh600361 0.998357963875
sh600368 1.00733944954
sh600369 1.00827586207
sz002544 1.01145510836
sh600212 1.0
sh600213 0.998336106489
sh600210 0.987037037037
sh600211 1.01013970257
sh600216 1.00354609929
sh600217 1.01538461538
sh600215 1.01578192253
sz002553 1.06632277082
sz002552 0.954639175258
sh600218 1.01934826884
sh600219 0.994798439532
sz002557 0.92243083004
sz002556 0.986516853933
sz002554 0.982484076433
sh601166 0.99935316947
sh601169 0.994047619048
sh601168 0.994680851064
sh601899 1.04322766571
sh601898 1.0253164557
sh601890 0.979744136461
sz000605 1.03121636168
sz000972 0.992606284658
sz000607 0.986171132239
sz000606 0.960167714885
sz000601 1.01141078838
sz000600 0.985122210414
sz000603 1.07846983816
sz000979 1.00373134328
sz000978 0.989159891599
sz000609 0.979104477612
sz000608 1.02483443709
sh600780 0.95
sh600781 0.995960761685
sh600782 1.02277039848
sh600783 0.98752310536
sh600784 1.02485875706
sh600785 0.940310077519
sh600787 1.05717916137
sh600789 1.0
sh600548 0.983392645314
sh600549 0.982899628253
sh600546 1.03426791277
sh600547 1.02423051735
sh600545 1.0
sh600543 0.963864306785
sh601099 0.993442622951
sh601098 0.970853206147
sz000735 0.9984375
sz000737 0.983546617916
sz000779 0.99703264095
sz000778 1.04033970276
sh600148 1.00981308411
sh601766 0.998892580288
sz002570 1.00811030008
sh600143 0.974926253687
sh600141 1.00986547085
sh600146 1.0
sz000777 0.9859030837
sh600145 1.0
sh601238 1.02744932432
sz000733 1.00550826239
sh601233 1.09973285841
sh601231 0.95154185022
sz000732 0.979070954569
sz000151 1.03033645891
sz000150 0.941925465839
sz000153 0.990494296578
sh601788 0.989928909953
sz000157 0.995215311005
sz000156 0.982887700535
sz000158 0.974283614989
sz000636 1.0
sz000637 1.0201863354
sz000630 1.00778210117
sz000631 1.01440329218
sz300270 1.00367872471
sz002405 0.96694214876
sz000809 1.0
sz000559 0.984385607604
sz000558 1.00643500644
sz002156 0.968674698795
sz000555 1.01756036375
sz000554 1.0190023753
sz000557 0.986220472441
sz000551 1.01455301455
sz000550 0.978339350181
sz000552 0.991847826087
sz300385 0.99653779573
sz300384 0.955896452541
sz300387 1.01149838304
sz002406 1.02206736353
sz300381 0.949241924852
sz300380 0.983727810651
sz300383 1.07114308553
sz300382 1.02044873615
sz002401 0.995762711864
sz300389 1.0
sz300388 0.984666986104
sz002400 0.963439404198
sz300143 0.978835978836
sz300141 1.0007415647
sz300140 1.03782631859
sz300147 1.0007183908
sz002151 0.98367724053
sz300145 1.00167014614
sz300144 1.01048951049
sz300149 0.977599080988
sz002150 1.02048280907
sz002010 0.988493150685
sz300292 1.02394736842
sh603288 0.980225988701
sz002636 0.976519337017
sz002637 1.00482315113
sz002634 0.985465116279
sz002635 1.03673259697
sz002638 0.96
sz002639 1.05230496454
sz300369 0.992977175821
sz300368 0.997160243408
sz300363 1.0
sz300362 0.995549904641
sz300360 0.988795518207
sz300367 0.992887029289
sz300366 0.963522012579
sz300365 0.982001058761
sz300364 1.01616161616
sz000786 1.01767151767
sh603798 1.05179028133
sh603799 1.00906515581
sh603002 0.978691019787
sh603003 1.01898734177
sh603000 1.01725888325
sh603001 0.99751984127
sh603006 0.987649063032
sz002700 1.01051051051
sh603005 0.976031553398
sh603558 0.966666666667
sh603008 0.972350230415
sh603009 1.02931513773
sz002708 0.975819032761
sz002709 0.997949419002
sz300481 1.00232498063
sz300518 0.9484
sz002098 0.984702093398
sz002099 0.992125984252
sz002096 0.980519480519
sz002097 1.00993377483
sz002095 0.989591836735
sz002092 1.03374578178
sz002093 0.986830553117
sz002090 0.988235294118
sz002091 0.996382054993
sh600979 1.00338409475
sh600978 1.01759014952
sh600976 0.977082575482
sh600975 0.963157894737
sh600973 0.99501867995
sh600971 1.02065404475
sh600970 1.03731343284
sz002418 1.01880877743
sz002419 1.017727639
sz002148 0.983395822175
sz002149 0.933357348703
sz002144 0.976665046184
sz002145 1.02764227642
sz002146 1.02865329513
sz002147 0.989898989899
sz002140 0.998593530239
sz002141 1.02493287303
sz002142 0.990272373541
sz002143 1.02337662338
sz002388 1.0009009009
sh603315 0.995382247306
sh603311 1.02151051625
sz002382 1.01648351648
sz002383 0.988616462347
sz002380 0.992504684572
sz002381 1.00163934426
sz002386 1.00729927007
sh603318 0.948241539482
sz002385 0.998735777497
sh601699 0.977011494253
sh603778 0.988137603796
sh603779 0.975291881618
sh600207 0.976856316297
sh600206 0.990107913669
sh603958 1.03080939948
sh603959 0.981067125645
sh600203 0.971405228758
sh600202 0.981481481481
sz002566 1.01724137931
sz002567 1.08118081181
sz002564 0.986263736264
sz000848 0.953507340946
sh600209 1.0
sh600208 0.99520383693
sz002560 0.956678700361
sz002561 1.04215456674
sh601155 1.16135084428
sz002608 0.900869565217
sh601158 0.998581560284
sz002277 1.0072
sh600895 1.01162790698
sz002573 1.04366028708
sz002602 1.00277777778
sh600379 1.00477200424
sh600378 1.01131071191
sz002572 0.972295747309
sh600371 1.01193633952
sh600370 0.98769771529
sh600373 1.02121896163
sh600372 0.996001999
sh600375 0.991071428571
sh600377 0.988901220866
sh600376 0.99295154185
sh600793 1.03541012999
sh600792 1.04133858268
sz000012 1.02121771218
sh600790 1.0067114094
sz000014 1.08289334741
sz000016 1.00592885375
sz000017 1.01937657961
sz000018 1.01299907149
sz000019 0.968567251462
sh600798 1.00205761317
sz002724 0.999121651296
sz002539 0.985576923077
sh600551 1.00629590766
sh600550 0.988195615514
sh600552 0.992485549133
sh600555 0.977777777778
sh600557 0.988020536224
sh600556 1.0
sh600559 0.926392067124
sh600558 1.00668151448
sz000498 1.02579666161
sz002474 1.01513157895
sh603766 1.0
sz000780 1.01953125
sh600159 1.01255230126
sh600158 1.02046783626
sh601933 0.978586723769
sh600155 0.988544474394
sz000705 0.971890372453
sh600157 1.00252525253
sh600156 0.971544715447
sh600151 0.986666666667
sh600150 0.996575342466
sh600153 0.991111111111
sh600152 0.999007936508
sz000656 1.008
sh601208 0.955479452055
sz000657 0.920190274841
sz002726 0.983606557377
sz000655 1.03664921466
sz000652 1.05217391304
sz300377 0.992950654582
sz000650 0.962378640777
sz002727 1.03143093466
sh601339 0.998330550918
sz002721 1.00576092175
sz000838 0.976539589443
sz000839 0.947478991597
sz000836 1.01105845182
sh601333 0.995085995086
sz000835 0.96440564137
sh601336 0.994466800805
sz000833 0.984549356223
sz000830 1.06345733042
sz000831 0.994919559695
sz300249 1.0147601476
sz300177 0.989417989418
sz300174 1.06072252114
sz300175 1.01732925586
sz300172 0.993348115299
sz300170 0.92852233677
sz300171 0.992441860465
sz000659 0.99794661191
sz300178 1.00168728909
sz002729 0.99285146942
sz300288 0.982325581395
sz300289 1.01679389313
sz300285 0.976718707204
sz300286 1.0026207413
sz300287 1.00832639467
sz300280 1.04400715564
sz300281 0.99359430605
sz300282 0.985900962861
sz300283 0.962389380531
sz300516 0.975542691751
sz300517 1.33086101258
sz002625 0.978245448096
sz002627 1.0004789272
sz002626 0.955882352941
sz002621 0.974867724868
sz002620 0.986758474576
sz002623 0.976534296029
sz002622 1.04191033138
sz002629 1.00085984523
sz002628 1.02870090634
sz300415 1.010625
sz300359 0.9814477992
sz300357 1.00415512465
sz300354 1.03813882532
sz300355 0.960618846695
sz300352 0.964507042254
sz300350 0.960784313725
sz300351 0.990486257928
sz000951 1.10379981464
sz300416 1.01462938882
sz000953 1.03431839847
sz000952 0.943991299619
sz002719 1.05129898723
sz002718 0.99971060628
sz000957 0.966367713004
sz002711 0.974137931034
sz002713 0.996998123827
sh603789 0.967997247075
sh603788 1.04456157163
sz002717 0.977133105802
sz002716 1.09292035398
sh603015 0.978787878788
sz002655 0.968508997429
sh603017 1.02702702703
sh603016 0.97260560435
sh603011 1.03980503656
sh603010 1.04795081967
sh603012 0.989674344718
sh603019 0.982777777778
sh603018 0.971826205024
sz300418 0.995534052847
sz002081 0.987841945289
sz002080 1.00773908237
sz002083 1.00481540931
sz002082 0.959183673469
sz002085 0.99486521181
sz002084 0.972014925373
sz002087 1.05813953488
sz002086 1.02450408401
sz002089 1.02160864346
sz002088 1.00655737705
sz002731 1.01370967742
sz002730 1.036112935
sz002328 0.984358706986
sz002329 1.0042887777
sh603309 1.03179972936
sh603308 1.00807537012
sz002409 1.00522718134
sz002408 1.01069518717
sz002159 0.997238658777
sz002158 1.0079787234
sz002157 0.981572481572
sh603300 0.954326923077
sz002155 1.01732851986
sz002154 1.0042462845
sz002153 0.993862520458
sz002152 1.01848184818
sz000615 1.00717703349
sh603306 1.03561116458
sz002399 0.982568274259
sz002398 1.01351351351
sz002395 1.00536746491
sz002394 0.979685452163
sz002397 0.997530864198
sz002396 0.996230479268
sz002391 0.976821192053
sz002390 1.00733272227
sz002393 1.0
sz002392 0.96786389414
sz002320 0.975034674064
sz002321 1.01134215501
sz300023 0.987738419619
sz002404 0.997432605905
sh603169 0.99162479062
sh603168 1.00118091639
sh603167 1.0
sh603166 1.02189054726
sh600894 1.01912568306
sh600133 1.00794701987
sh600896 1.0
sh600897 0.994366197183
sh600890 1.0375360924
sh600891 1.00248550124
sh600892 1.00391571881
sh600132 1.00267916946
sz002579 0.962314939435
sz002407 0.972379969024
sh600898 1.0204248366
sh600131 1.04573438874
sh600410 0.972924187726
sz300104 0.984305408271
sh600415 0.983102918587
sh600416 0.997622820919
sh600418 0.992405063291
sh600419 0.998960859023
sh600640 1.0
sh600643 1.09310986965
sz300477 0.961596766043
sz000959 1.0
sz000958 1.02663438257
sh600098 1.04581151832
sh600099 0.989646246764
sh600094 1.01313131313
sh600095 1.00975081257
sh600096 1.00354191263
sh600097 1.0484375
sh600090 1.04505229284
sh600091 0.974757281553
sh600093 0.959183673469
sh600308 0.95183044316
sh600309 1.02460732984
sh600305 0.994713656388
sh600306 1.0
sh600307 1.01204819277
sh600300 0.983899821109
sh600301 0.993431855501
sh600302 0.976359338061
sh600303 0.974704890388
sz000002 1.04317386231
sz000001 0.997826086957
sz000007 1.09116809117
sz000006 1.09152086137
sz000005 1.01396648045
sz000009 1.02268244576
sz000008 0.966101694915
sh600525 0.979916897507
sh600526 0.994676806084
sh600527 1.00848896435
sh600520 0.993107409535
sh600521 0.961274707543
sh600522 1.07819287576
sh600523 0.989836250706
sh600528 0.931780366057
sh600529 0.973369565217
sz000488 0.984461709212
sz002403 1.0095177665
sz000719 1.0
sz000718 0.964285714286
sz000717 0.979020979021
sz000716 0.978260869565
sz000715 0.997676219985
sz000713 1.00196850394
sz000712 0.993736951983
sh601929 0.992771084337
sh601928 1.00188679245
sh601211 0.994347088751
sh601216 1.01023017903
sh601218 0.998043052838
sz002402 1.04915514593
sh600638 1.01697416974
sh600639 0.989528795812
sh600630 1.0110619469
sh600633 1.00066050198
sh600634 1.0
sh600635 1.05696202532
sh600636 1.0
sh600637 1.00471092077
sz000821 0.970514429109
sz000820 1.08169934641
sz000823 0.983461962514
sz000822 0.995943204868
sz000825 1.01166180758
sh601328 0.998220640569
sz000826 0.982295081967
sz000829 1.00461538462
sz000828 1.07772020725
sh601857 1.0
sz300169 0.981280788177
sz300168 1.00130890052
sz300161 1.03273577553
sz300160 0.966921119593
sz300162 1.01213346815
sz300165 0.978590544157
sz300164 0.995983935743
sz300167 0.991608391608
sz000960 1.00883534137
sz300460 0.947669977082
sz300297 0.969180327869
sz300296 1.01323668453
sz300295 0.99078037537
sz300294 1.02368866328
sz300293 0.980319803198
sh603718 0.990093560815
sz300291 1.00469483568
sz300290 0.999343832021
sz300463 0.985248447205
sz000961 0.939240506329
sz300465 1.02135168519
sz300467 0.93402161639
sz000711 1.03804582793
sz000962 0.934627170582
sz000963 0.977337110482
sz300341 0.966492926284
sz300340 1.01032617604
sz300343 1.00705645161
sz300342 1.00526711813
sz300345 1.06120689655
sz300344 0.992970123023
sz300347 1.03257013866
sz002426 0.994186046512
sz300349 1.00210779886
sz300348 1.00327391779
sz000423 0.969749652295
sz002032 0.956459330144
sh600641 0.995241871531
sz002788 0.978099785938
sz002789 0.905339805825
sz000503 0.944805923267
sz000965 0.972972972973
sz002768 0.952662721893
sz002769 0.964035964036
sz002787 0.988446215139
sz002765 1.01070745698
sz002766 0.989397590361
sz002767 0.969813554306
sz002761 1.0818275684
sz002762 0.972925250147
sz002763 1.00030959752
sz000966 0.994194484761
sz002781 0.989884393064
sz300085 0.957802837395
sz000967 1.01368821293
sh603688 1.01785714286
sh603686 1.05115012107
sh600959 0.98595505618
sh600958 0.98846387371
sh600363 1.03721174004
sz002160 1.01609195402
sz002166 0.987708516242
sz002167 1.00300902708
sz002164 0.984444444444
sz002165 0.971064814815
sh603377 1.02654196158
sz002360 1.07698607699
sz002361 0.973829201102
sz002362 0.978925619835
sh601101 1.0
sz002364 0.997991161109
sz002365 1.01497584541
sz002366 1.00078786685
sz002367 1.00526662278
sz002368 0.984634296251
sz002369 0.926112510495
sz002188 0.940390879479
sz002189 0.974056603774
sz002180 1.07469015003
sz002181 1.00245700246
sz002182 0.967452830189
sz002183 0.983078162772
sz002184 1.00927971719
sz002185 0.977198697068
sz002186 0.991775520077
sz002187 1.03453689168
sh601100 1.05290546401
sh603198 0.983231083845
sh603199 0.989296636086
sh600887 0.969795037756
sh600886 0.992927864215
sh600885 1.04191033138
sh600884 0.983660130719
sh600883 1.00421940928
sh600882 0.974907063197
sh600881 0.981519507187
sh600880 0.990338164251
sh603979 0.997295835587
sz002508 0.971792985038
sz002509 0.986535008977
sh600889 0.970820189274
sh600888 1.00140252454
sh600403 0.965034965035
sh600401 0.991525423729
sh600400 1.03529411765
sh600406 0.990622906899
sh600405 0.991466252909
sh600409 0.970011534025
sh600408 1.0
sh603998 1.00534759358
sh603999 1.00264113569
sh603993 0.985185185185
sh603996 0.994404476419
sh603997 1.008815427
sz000928 0.994607087827
sz000929 1.01960784314
sh600089 0.982281284607
sh600088 1.01509098979
sh600086 1.0306122449
sh600085 0.946858393248
sh600084 0.821984435798
sh600083 0.972741039879
sh600082 1.04006968641
sh600081 0.970347003155
sh600080 0.985828166519
sz002218 0.945692883895
sz002219 0.940239043825
sh600319 0.993296089385
sh600318 1.0
sh600317 0.984042553191
sh600316 1.00263157895
sh600315 0.988870151771
sz002213 0.971739130435
sh600313 1.00779727096
sh600312 0.978881278539
sh600311 1.04018547141
sh600310 1.0227014756
sz000036 1.01975308642
sz000034 0.987719298246
sz000035 0.964179104478
sz000032 0.991292699263
sz000030 0.958333333333
sz000031 1.05441478439
sz000038 1.045943098
sz000039 0.997093023256
sh600537 1.04976851852
sh600536 1.02243346008
sh600535 0.972933430871
sh600533 1.01642710472
sh600532 1.02558271745
sh600531 1.00867888139
sh600530 0.947816826411
sh600539 1.04108463435
sh600538 1.1233616037
sh601918 0.9925
sh601919 1.00581395349
sz000722 1.0101010101
sz000723 0.99710982659
sz000721 1.00439077936
sz000726 1.00088183422
sh601139 1.03302961276
sz000725 1.0
sz002746 1.02837026299
sz000728 1.00276548673
sh601137 1.02489626556
sh600658 1.05349439172
sz002747 0.974641307975
sz000100 0.977142857143
sh601599 0.988215488215
sh600629 1.0
sh600628 1.03117692907
sh600623 1.1090712743
sh600622 1.14673514307
sh600621 1.04886877828
sh600620 1.01104417671
sh600626 1.03307086614
sh600624 0.984984984985
sz002662 1.00335795836
sz300045 1.01481920569
sz002559 0.99
sz000586 0.9953125
sz000587 0.988027725268
sz000584 0.991902834008
sz000585 0.967373572594
sz000852 0.990054249548
sz000581 0.982160077146
sh601866 1.01
sh601688 1.02015915119
sh601689 0.972506168488
sz000858 0.965717445397
sz000859 0.986615678776
sz000589 0.98679245283
sz300118 0.985571587125
sz300119 0.940702360391
sz300114 0.998450813323
sz300115 1.0794734276
sz300116 0.991987981973
sh603885 0.997577016269
sz300110 0.974069148936
sz300112 1.00706214689
sz300113 1.00938967136
sh601668 1.03157894737
sh601669 0.974789915966
sz002551 0.997193638915
sh601666 0.995305164319
sz002550 0.990196078431
sz002258 0.972251867663
sz002259 0.969934640523
sz000670 0.981242672919
sz000671 1.00840336134
sz000672 1.01347305389
sz300256 1.00839160839
sz300020 1.00117647059
sz300021 1.00236826525
sz300022 0.992010652463
sz000673 0.978298611111
sz300024 0.985892116183
sz300025 1.01071723001
sz300026 1.01486563751
sz300027 0.981161695447
sz300028 1.0007057163
sz300029 0.984245439469
sz000676 1.04587688734
sz000677 1.05902777778
sz000678 1.04347826087
sz000679 1.02539404553
sz300422 1.01269944643
sz300335 0.993377483444
sz300336 0.939452186449
sz300337 0.984334203655
sz300330 1.00655933214
sz300331 1.01674152715
sz300332 0.900523560209
sz300333 0.992836676218
sz300339 0.974267968057
sh603568 0.995886654479
sz002779 1.00948366702
sz002778 0.999786825837
sz002777 0.995419103314
sz002776 0.986761381983
sz002775 0.989163415691
sz002773 0.989620758483
sz002772 0.969921534438
sh603567 0.989425287356
sh603566 0.957398076042
sz300248 0.991649269311
sz000999 0.957153502235
sz300240 1.01090188305
sz300241 0.938496583144
sz300243 1.01663201663
sz300244 1.00064977258
sz300245 0.9949469429
sz300246 1.02819148936
sh603699 1.00591715976
sh603698 0.979231246125
sh603696 1.03175390722
sz002174 0.982371240926
sz002171 1.03050640635
sz002170 0.974413646055
sh603369 0.981590574374
sh603368 0.990880350195
sh603366 0.995444191344
sz002372 1.01461245235
sz002371 1.02837078652
sz002370 1.0
sz002376 0.984751203852
sz002375 1.01287948482
sz002374 0.982839313573
sz002378 0.923770491803
sz002198 1.01007194245
sz002599 0.921875
sz002193 0.982967032967
sz002192 0.985954093868
sz002191 0.967622571693
sz002190 1.01328470956
sz002197 1.02870813397
sz002196 1.01194659171
sz002195 0.990662139219
sz002194 0.969038208169
sz300437 0.886126126126
sz300436 1.00059737157
sz000995 0.971590909091
sz002595 0.991950757576
sz000973 0.952573158426
sz002594 0.991406908172
sz300433 0.987881320518
sh603188 0.948855333658
sz000971 0.953267477204
sz300432 1.01569282137
sz002517 1.02421250588
sz002516 1.01186440678
sz002515 1.11621856028
sz000970 1.02829537612
sz002512 1.03699421965
sz002511 0.98493626883
sz002510 0.995879120879
sz000977 0.984297520661
sz300430 0.994724770642
sh603969 1.00864779874
sh603968 0.951995012469
sz002519 1.0
sz000976 0.96108490566
sh600436 0.928039702233
sh600435 0.943188759927
sh600432 0.990331491713
sh600433 1.0227014756
sh600438 0.994983277592
sh600439 1.0053667263
sh603989 0.993521218011
sh603988 0.993263931415
sz000997 1.01308900524
sz000939 0.968929804373
sz000938 0.969992498125
sz000937 1.00626959248
sz000936 1.00927835052
sz000933 0.997907949791
sz000931 1.00760456274
sz000930 1.06574675325
sh600322 1.04943820225
sh600323 1.00316957211
sh600320 1.00393700787
sh600321 1.0
sh600326 1.00807381776
sh600327 0.986036519871
sh600988 1.01472081218
sh600325 1.04442508711
sh600986 0.969500324465
sh600987 0.955506929249
sh600328 1.075604053
sh600985 0.989852398524
sh600982 1.00402414487
sh600983 0.97811993517
sh600980 1.02324723247
sh600981 0.980906921241
sh600058 0.988636363636
sh600059 0.988258317025
sh600508 1.01983298539
sh600509 0.990410958904
sh600502 0.973137973138
sh600503 1.0411946447
sh600500 1.0
sh601058 1.00278551532
sh600506 0.998251748252
sh600507 0.964285714286
sh600056 0.981239340534
sh600505 1.01380897583
sz002694 0.979316979317
sh601908 1.00278551532
sz002695 1.03497182825
sh601717 1.00178571429
sh601901 0.991643454039
sh601900 1.0
sz000990 1.00065274151
sh600186 1.00378787879
sh600187 1.00226244344
sh600184 0.971945701357
sh600185 1.016
sh600182 1.0
sh600183 1.02821316614
sh600180 1.01446540881
sh601127 0.983905911483
sh601126 1.00853788687
sz000739 1.00783289817
sz000738 0.979166666667
sh600188 1.03996447602
sh600189 1.0
sh600893 1.00370159453
sz002692 1.01973684211
sz002693 0.971980676329
sh601118 1.01893287435
sh600618 1.01334269663
sh600619 0.934558823529
sh600616 1.01774042951
sh600617 0.999128919861
sh600614 1.0
sh600615 0.997380827658
sh600612 0.996650290308
sh600613 0.982853223594
sh600610 0.994822485207
sh600611 1.02216066482
sz000599 1.0
sz000598 1.01265822785
sz000785 0.875828812538
sz000591 1.00898410504
sz000590 0.986394557823
sz000593 0.997330960854
sz000595 0.995918367347
sz000597 1.02045209903
sz000596 0.940026362039
sz000029 1.04347826087
sz000028 1.0009718173
sh601872 0.99427480916
sh601877 1.00522069293
sz000021 0.918777292576
sz000020 1.01912858661
sz000023 1.0384452894
sz000022 1.01878522229
sz000025 1.02961699488
sz000027 1.02739726027
sz000026 1.00177462289
sz000782 0.992831541219
sz300109 1.01863234729
sz300108 0.964490263459
sz300107 0.975
sz300106 0.988068605518
sz300105 0.992490613267
sz000783 0.995164410058
sz300103 0.990881458967
sz300102 0.996042216359
sz300101 0.973480212158
sz300100 0.986338797814
sh601678 0.99217221135
sh601677 1.02483221477
sh601588 1.0072815534
sh600540 1.0
sz300033 0.985011021308
sz300032 0.973509933775
sz300031 0.979399141631
sz300030 0.975476839237
sz300037 0.970913898529
sz300036 0.97267253358
sz300034 0.970864661654
sz300039 0.991337824832
sz300439 1.04395261845
sz300327 1.00378979282
sz300326 1.00042211904
sz300325 0.969346443031
sz300324 1.0136406397
sz300322 0.950297136683
sz300321 0.980548469388
sz300320 1.02297939778
sz300329 0.992248062016
sz300328 0.984517945109
sh600149 1.33151803948
sz300438 0.990340909091
sz002742 1.00273473108
sz002743 1.00496806246
sz002740 0.97488119484
sz002741 0.986960431655
sh603518 1.04812650395
sh603519 1.0
sz002748 0.99233942251
sz002749 0.996224040277
sh601006 0.99674796748
sz002251 0.978787878788
sz300259 0.979223125565
sz300258 0.982329842932
sz002285 1.02863961814
sh601939 1.0
sz300253 0.980852915579
sz300252 1.01900773196
sz300251 0.985480943739
sz300250 0.990077177508
sz300257 0.982694684796
sz002177 1.0
sz300255 1.03404791929
sz300254 1.02225672878
sz300482 1.01365833158
sz300483 1.01049598683
sz000776 0.997538461538
sz300480 0.992342342342
sz002288 0.991295938104
sz002691 0.987614431879
sz300486 1.05591005773
sz300435 0.985618900873
sz002527 0.991350632069
sz300484 0.979000504796
sz300485 0.981222707424
sz002253 0.970197698436
sz002441 0.980132450331
sh603355 1.00107440236
sz002346 1.00711321873
sz002347 0.879530372639
sz002344 0.995841995842
sz002345 1.01086956522
sz002342 0.994791666667
sz002343 1.00998374739
sz002340 1.00132802125
sz002341 1.00607734807
sz002698 1.00916905444
sz002699 1.02456348032
sz002348 1.00881057269
sz002349 1.01356589147
sz002446 0.963888888889
sz002528 1.015
sz002529 0.998282770464
sz002522 1.01747930083
sz002523 1.0
sz002520 0.995841995842
sz002521 0.997936016512
sh601789 1.0
sz002524 1.046875
sh603227 0.951631046119
sh603737 1.00056338028
sh603222 0.962728995578
sh603223 1.01423728814
